
> card-gacha-season-2@2.0.0 test
> npm run test:renewal


> card-gacha-season-2@2.0.0 test:renewal
> node tests/renewal-config.test.js && node tests/renewal-state-schema.test.js && node tests/renewal-game-service.test.js && node tests/renewal-supabase-game-service.test.js && node tests/renewal-auth-bridge.test.js && node tests/renewal-soop-auth.test.js && node tests/renewal-remote-runtime.test.js && node tests/renewal-live-ticker.test.js && node tests/renewal-service-contract.test.js && node tests/renewal-edge-command-router.test.js && node tests/renewal-live-services.test.js && node tests/renewal-request-coordinator.test.js && node tests/renewal-security.test.js && node tests/renewal-season1-import.test.js && node tests/renewal-database-migration.test.js && node --no-warnings tests/renewal-database-catalog.test.js && node tests/renewal-command-foundation.test.js && node tests/renewal-pack-enhancement-rpc.test.js && node tests/renewal-adventure-minigame-rpc.test.js && node tests/renewal-worldboss-rpc.test.js && node tests/renewal-economy-profile-rpc.test.js && node tests/renewal-season1-cleanup.test.js && node tests/renewal-repository-hygiene.test.js && node tests/renewal-battle.test.js && node tests/renewal-adventure.test.js && node tests/renewal-bonus-loot.test.js && node tests/renewal-balance.test.js && node tests/renewal-rewards.test.js && node tests/renewal-enhancement.test.js && node tests/renewal-collection.test.js && node tests/renewal-shop.test.js && node tests/renewal-content.test.js && node tests/renewal-minigames.test.js && node tests/renewal-sumten-reshuffle.test.js && node tests/renewal-worldboss.test.js && node tests/renewal-rankings.test.js && node tests/renewal-card-visual.test.js && node tests/renewal-fx.test.js

renewal config tests passed: 2026.07.20-dismantle-1, all probability tables total 100%
renewal state schema tests passed: v0/v1 migration, v2 validation, authority boundary, corrupt-state rejection
renewal game service tests passed: local adapter, deterministic clock/RNG, named command boundary
renewal Supabase game service tests passed: JWT, publishable key, command contract, auth failure
renewal auth bridge tests passed: anonymous session, hashed legacy key, IP-HMAC rate limit
renewal SOOP user-auth tests passed: OAuth callback, exchange table, soop_id matching, new account creation, single-use exchange, auth binding
(node:34812) [MODULE_TYPELESS_PACKAGE_JSON] Warning: Module type of file:///C:/Users/silve/OneDrive/Desktop/card-gacha-renewal/src/vendor/supabase.js is not specified and it doesn't parse as CommonJS.
Reparsing as ES module because module syntax was detected. This incurs a performance overhead.
To eliminate this warning, add "type": "module" to \\?\C:\Users\silve\OneDrive\Desktop\card-gacha-renewal\package.json.
(Use `node --trace-warnings ...` to show where the warning was created)
renewal remote runtime tests passed: opt-in config, server snapshots, all mutation command paths
renewal live ticker tests passed: S-SSS draws, all +9 successes, TTL, dedupe, RLS, Realtime
renewal service contract tests passed: validation, idempotency replay, revision conflict, server seed
renewal Edge router tests passed: auth identity, RPC mapping, trusted battle verdicts, shared sync
renewal live services tests passed: server ranking, Realtime world boss, hardened SOOP bridge
renewal request coordinator tests passed: double-click lock, retry, offline, auth, conflict
renewal security tests passed: secret scan, nickname HTML escaping
renewal season1 import tests passed: 5K base, top50 rewards, unopened non-streamer exclusion
renewal database migration tests passed: read-only source, account and bridge carryover, clean game state
node:internal/modules/run_main:107
    triggerUncaughtException(
    ^

AssertionError [ERR_ASSERTION]: catalog migration must be regenerated after card or balance changes
+ actual - expected
... Skipped lines

  '-- Card Gacha Season 2: server-authoritative card catalog and balance snapshot.\n' +
    '-- Generated by scripts/build-renewal-database-catalog.js. Do not edit seed rows manually.\n' +
    '-- REVIEW ONLY. Do not run against production until migration 001 import is approved.\n' +
    '\n' +
    'begin;\n' +
...
    '\n' +
+   "update public.gacha_s2_balance_versions set active = false where active and version <> '2026.07.18-random-loot-1';\n" +
-   "update public.gacha_s2_balance_versions set active = false where active and version <> '2026.07.20-dismantle-1';\n" +
    '\n' +
    'insert into public.gacha_s2_balance_versions (version, config_hash, catalog_hash, config, active, activated_at)\n' +
    'values (\n' +
+   "  '2026.07.18-random-loot-1',\n" +
+   "  '23952e3e806147ec7d6a723a18290c63c48935a22ca3263c4eadf73a38ccac47',\n" +
-   "  '2026.07.20-dismantle-1',\n" +
-   "  'daa5e3848a2b1afb520871adc93ad1fc70f09edec6be8266c1c8733a67d04b4d',\n" +
    "  '8e7351c09b8fe082cb9d54e1884e5c409a664230b291ec7a1e18fb3d16555014',\n" +
+   '  $balance${"balanceVersion":"2026.07.18-random-loot-1","rarities":{"F":{"multiplier":1,"color":"#89939b"},"E":{"multiplier":1.12,"color":"#58b97a"},"D":{"multiplier":1.26,"color":"#4aa8d8"},"C":{"multiplier":1.42,"color":"#7f79df"},"B":{"multiplier":1.62,"color":"#bb69e8"},"A":{"multiplier":1.86,"color":"#ef5f83"},"S":{"multiplier":2.15,"color":"#ff9b3f"},"SS":{"multiplier":2.52,"color":"#ffd449"},"SSS":{"multiplier":3,"color":"#d7ff35"},"EX":{"multiplier":0,"color":"#f7f7f2","displayOnly":true}},"archetypes":{"quick":{"label":"속공","atk":0.9,"hp":0.94,"def":0.9,"speed":1.28,"crit":0.05},"heavy":{"label":"강타","atk":1.28,"hp":1.04,"def":1,"speed":0.78,"critDamage":0.2},"combo":{"label":"연타","atk":0.96,"hp":0.96,"def":0.94,"speed":1.12,"multiHit":1.1},"area":{"label":"광역","atk":1.04,"hp":0.98,"def":0.94,"speed":0.94,"area":1.18},"boss":{"label":"보스","atk":1.08,"hp":1.03,"def":1,"speed":0.91,"bossDamage":1.28},"amplify":{"label":"증폭","atk":1.02,"hp":0.95,"def":0.92,"speed":1,"crit":0.09,"amplify":0.04},"weaken":{"label":"약화","atk":0.92,"hp":1.02,"def":1.02,"speed":1.03,"weaken":0.08},"sustain":{"label":"생존","atk":0.91,"hp":1.24,"def":1.18,"speed":0.88,"recovery":0.08}},"enhancement":{"statMultipliers":[1,1.12,1.27,1.44,1.63,1.85,2.1,2.38,2.7,3],"baseSuccessRates":[100,100,100,100,80,70,60,50,40,30],"destroyRates":[0,0,0,0,0,0,0,3,8,15],"rarityPenalties":{"F":0,"E":2,"D":4,"C":6,"B":8,"A":10,"S":12,"SS":15,"SSS":18},"expRequirements":[100,180,300,480,720,1000,1400,1900,2500,0],"plusNinePointCost":5000,"resetOnDestroy":true},"materialRules":{"F":[{"rarity":"F","count":1}],"E":[{"rarity":"F","count":3}],"D":[{"rarity":"E","count":3}],"C":[{"rarity":"D","count":3}],"B":[{"rarity":"C","count":3}],"A":[{"rarity":"B","count":3}],"S":[{"rarity":"A","count":3}],"SS":[{"rarity":"S","count":3}],"SSS":[{"rarity":"SS","count":3},{"rarity":"SSS","count":1}]},"packs":{"general":{"name":"일반 보급팩","price":50,"count":3,"rates":{"F":32,"E":27,"D":20,"C":12,"B":6,"A":2.856,"S":0.12,"SS":0.018,"SSS":0.006}},"elite":{"name":"정예 보급팩","price":150,"count":4,"rates":{"F":20,"E":22,"D":22,"C":16,"B":11,"A":8.478,"S":0.42,"SS":0.09,"SSS":0.012}},"premium":{"name":"프리미엄 보급팩","price":500,"count":4,"rates":{"F":9,"E":14,"D":19.5,"C":21,"B":18,"A":17.2,"S":1,"SS":0.25,"SSS":0.05}},"race":{"name":"종족 보급팩","price":100,"count":3,"rates":{"F":38,"E":30,"D":18,"C":9,"B":4,"A":0.9658,"S":0.03,"SS":0.0036,"SSS":0.0006}}},"supportPack":{"name":"작전 지원 보급팩","price":150,"tenPrice":1500,"items":{"energySmall":19,"energyMedium":11,"energyLarge":3,"enhance5":16,"enhance10":6,"destructionGuard":1,"cardExpPotion":8,"exp30m":14,"exp2h":9,"generalTicket":6,"eliteTicket":3.5,"raceTicket":2,"premiumTicket":0.5,"adventureRunReset":0.25,"quickBattleReset":0.75},"rareItems":["energyLarge","enhance10","destructionGuard","exp2h","generalTicket","eliteTicket","raceTicket","premiumTicket","adventureRunReset","quickBattleReset"],"guaranteeRates":{"energyLarge":10,"enhance10":24,"destructionGuard":3,"exp2h":28,"generalTicket":15,"eliteTicket":8,"raceTicket":5,"premiumTicket":2,"adventureRunReset":1,"quickBattleReset":4}},"supportItems":{"energySmall":{"name":"전술 배터리 S","category":"행동력","effect":"행동력 +20","energy":20},"energyMedium":{"name":"전술 배터리 M","category":"행동력","effect":"행동력 +50","energy":50},"energyLarge":{"name":"전술 배터리 L","category":"행동력","effect":"행동력 +120","energy":120},"enhance5":{"name":"강화 촉진제","category":"강화","effect":"성공률 +5%p"},"enhance10":{"name":"고순도 강화 촉진제","category":"강화","effect":"성공률 +10%p"},"destructionGuard":{"name":"파괴 차단제","category":"강화","effect":"파괴 1회 차단"},"cardExpPotion":{"name":"카드 EXP 포션","category":"경험치","effect":"선택 카드 EXP +300","cardExp":300},"exp30m":{"name":"경험 신호 증폭제","category":"경험치","effect":"카드 EXP +50% · 30분","durationMinutes":30},"exp2h":{"name":"고출력 경험 신호 증폭제","category":"경험치","effect":"카드 EXP +50% · 2시간","durationMinutes":120},"generalTicket":{"name":"일반 카드팩 교환권","category":"교환권","effect":"일반팩 1개","pack":"general"},"eliteTicket":{"name":"정예 카드팩 교환권","category":"교환권","effect":"정예팩 1개","pack":"elite"},"raceTicket":{"name":"종족 선택팩 교환권","category":"교환권","effect":"종족팩 1개","pack":"race"},"premiumTicket":{"name":"프리미엄 카드팩 교환권","category":"교환권","effect":"프리미엄팩 1개","pack":"premium"},"adventureRunReset":{"name":"모험 시작 초기화권","category":"초기화","effect":"모험 시작 횟수 3회 복구","reset":"adventureRuns"},"quickBattleReset":{"name":"빠른 전투 초기화권","category":"초기화","effect":"오늘 빠른 전투 횟수 3회 복구","reset":"quickBattle"}},"bonusDropRules":{"itemWeights":{"energySmall":24,"energyMedium":14,"energyLarge":4,"enhance5":18,"enhance10":6,"destructionGuard":1,"cardExpPotion":14,"exp30m":12,"exp2h":5,"adventureRunReset":1,"quickBattleReset":1},"packWeights":{"generalTicket":55,"eliteTicket":27,"raceTicket":15,"premiumTicket":3},"adventureTiers":[{"minClearedStages":1,"dropRate":0.18,"packShare":0.08},{"minClearedStages":10,"dropRate":0.24,"packShare":0.12},{"minClearedStages":20,"dropRate":0.3,"packShare":0.16},{"minClearedStages":30,"dropRate":0.36,"packShare":0.2},{"minClearedStages":40,"dropRate":0.43,"packShare":0.24},{"minClearedStages":50,"dropRate":0.5,"packShare":0.3}],"worldBoss":{"failed":{"dropRate":0.35,"packShare":0.15},"cleared":{"dropRate":0.6,"packShare":0.25}}},"regions":[{"id":1,"name":"끊어진 전파도시","code":"signal-city","hpBase":590000,"attackBase":3000,"bossHp":1200000,"bossAttack":4000},{"id":2,"name":"침묵한 중계기지","code":"relay-base","hpBase":1100000,"attackBase":4500,"bossHp":1820000,"bossAttack":6000},{"id":3,"name":"검게 물든 스튜디오","code":"black-studio","hpBase":1700000,"attackBase":6500,"bossHp":2800000,"bossAttack":8500},{"id":4,"name":"폭주한 데이터 요새","code":"data-fortress","hpBase":2500000,"attackBase":9000,"bossHp":4000000,"bossAttack":11000},{"id":5,"name":"악플 코어 심층부","code":"malice-core","hpBase":4200000,"attackBase":12500,"bossHp":9500000,"bossAttack":21000}],"stages":[{"id":"1-1","region":"끊어진 전파도시","regionCode":"signal-city","regionIndex":0,"stageNumber":1,"globalNumber":1,"enemyType":"crawler","enemyCount":4,"enemyHp":590000,"enemyAttack":3000,"duration":30,"rewardPoints":22,"boss":false},{"id":"1-2","region":"끊어진 전파도시","regionCode":"signal-city","regionIndex":0,"stageNumber":2,"globalNumber":2,"enemyType":"jammer","enemyCount":4,"enemyHp":637200,"enemyAttack":3090,"duration":31,"rewardPoints":26,"boss":false},{"id":"1-3","region":"끊어진 전파도시","regionCode":"signal-city","regionIndex":0,"stageNumber":3,"globalNumber":3,"enemyType":"leech","enemyCount":5,"enemyHp":688176,"enemyAttack":3183,"duration":32,"rewardPoints":30,"boss":false},{"id":"1-4","region":"끊어진 전파도시","regionCode":"signal-city","regionIndex":0,"stageNumber":4,"globalNumber":4,"enemyType":"crusher","enemyCount":5,"enemyHp":743230,"enemyAttack":3278,"duration":33,"rewardPoints":34,"boss":false},{"id":"1-5","region":"끊어진 전파도시","regionCode":"signal-city","regionIndex":0,"stageNumber":5,"globalNumber":5,"enemyType":"crawler","enemyCount":5,"enemyHp":802688,"enemyAttack":3377,"duration":34,"rewardPoints":38,"boss":false},{"id":"1-6","region":"끊어진 전파도시","regionCode":"signal-city","regionIndex":0,"stageNumber":6,"globalNumber":6,"enemyType":"jammer","enemyCount":6,"enemyHp":866904,"enemyAttack":3478,"duration":35,"rewardPoints":42,"boss":false},{"id":"1-7","region":"끊어진 전파도시","regionCode":"signal-city","regionIndex":0,"stageNumber":7,"globalNumber":7,"enemyType":"leech","enemyCount":6,"enemyHp":936256,"enemyAttack":3582,"duration":36,"rewardPoints":46,"boss":false},{"id":"1-8","region":"끊어진 전파도시","regionCode":"signal-city","regionIndex":0,"stageNumber":8,"globalNumber":8,"enemyType":"crusher","enemyCount":6,"enemyHp":1'... 37250 more characters
-   '  $balance${"balanceVersion":"2026.07.20-dismantle-1","rarities":{"F":{"multiplier":1,"color":"#89939b"},"E":{"multiplier":1.12,"color":"#58b97a"},"D":{"multiplier":1.26,"color":"#4aa8d8"},"C":{"multiplier":1.42,"color":"#7f79df"},"B":{"multiplier":1.62,"color":"#bb69e8"},"A":{"multiplier":1.86,"color":"#ef5f83"},"S":{"multiplier":2.15,"color":"#ff9b3f"},"SS":{"multiplier":2.52,"color":"#ffd449"},"SSS":{"multiplier":3,"color":"#d7ff35"},"EX":{"multiplier":0,"color":"#f7f7f2","displayOnly":true}},"archetypes":{"quick":{"label":"속공","atk":0.9,"hp":0.94,"def":0.9,"speed":1.28,"crit":0.05},"heavy":{"label":"강타","atk":1.28,"hp":1.04,"def":1,"speed":0.78,"critDamage":0.2},"combo":{"label":"연타","atk":0.96,"hp":0.96,"def":0.94,"speed":1.12,"multiHit":1.1},"area":{"label":"광역","atk":1.04,"hp":0.98,"def":0.94,"speed":0.94,"area":1.18},"boss":{"label":"보스","atk":1.08,"hp":1.03,"def":1,"speed":0.91,"bossDamage":1.28},"amplify":{"label":"증폭","atk":1.02,"hp":0.95,"def":0.92,"speed":1,"crit":0.09,"amplify":0.04},"weaken":{"label":"약화","atk":0.92,"hp":1.02,"def":1.02,"speed":1.03,"weaken":0.08},"sustain":{"label":"생존","atk":0.91,"hp":1.24,"def":1.18,"speed":0.88,"recovery":0.08}},"enhancement":{"statMultipliers":[1,1.12,1.27,1.44,1.63,1.85,2.1,2.38,2.7,3],"baseSuccessRates":[100,100,100,100,80,70,60,50,40,30],"destroyRates":[0,0,0,0,0,0,0,3,8,15],"rarityPenalties":{"F":0,"E":2,"D":4,"C":6,"B":8,"A":10,"S":12,"SS":15,"SSS":18},"expRequirements":[100,180,300,480,720,1000,1400,1900,2500,0],"plusNinePointCost":5000,"resetOnDestroy":true},"materialRules":{"F":[{"rarity":"F","count":1}],"E":[{"rarity":"F","count":3}],"D":[{"rarity":"E","count":3}],"C":[{"rarity":"D","count":3}],"B":[{"rarity":"C","count":3}],"A":[{"rarity":"B","count":3}],"S":[{"rarity":"A","count":3}],"SS":[{"rarity":"S","count":3}],"SSS":[{"rarity":"SS","count":3},{"rarity":"SSS","count":1}]},"dismantleRules":{"potionItem":"cardExpPotionLarge","keepCopies":1,"dropRates":{"F":{"potionRate":0.1,"pointsRate":0.1,"points":5},"E":{"potionRate":0.15,"pointsRate":0.15,"points":10},"D":{"potionRate":0.2,"pointsRate":0.2,"points":20},"C":{"potionRate":0.25,"pointsRate":0.25,"points":40},"B":{"potionRate":0.3,"pointsRate":0.3,"points":70},"A":{"potionRate":0.35,"pointsRate":0.35,"points":120},"S":{"potionRate":0.5,"pointsRate":0.5,"points":300},"SS":{"potionRate":0.7,"pointsRate":0.7,"points":800},"SSS":{"potionRate":0.9,"pointsRate":0.9,"points":2000}}},"packs":{"general":{"name":"일반 보급팩","price":50,"count":3,"rates":{"F":32,"E":27,"D":20,"C":12,"B":6,"A":2.856,"S":0.12,"SS":0.018,"SSS":0.006}},"elite":{"name":"정예 보급팩","price":150,"count":4,"rates":{"F":20,"E":22,"D":22,"C":16,"B":11,"A":8.478,"S":0.42,"SS":0.09,"SSS":0.012}},"premium":{"name":"프리미엄 보급팩","price":500,"count":4,"rates":{"F":9,"E":14,"D":19.5,"C":21,"B":18,"A":17.2,"S":1,"SS":0.25,"SSS":0.05}},"race":{"name":"종족 보급팩","price":100,"count":3,"rates":{"F":38,"E":30,"D":18,"C":9,"B":4,"A":0.9658,"S":0.03,"SS":0.0036,"SSS":0.0006}}},"supportPack":{"name":"작전 지원 보급팩","price":150,"tenPrice":1500,"items":{"energySmall":19,"energyMedium":11,"energyLarge":3,"enhance5":16,"enhance10":6,"destructionGuard":1,"cardExpPotion":8,"exp30m":14,"exp2h":9,"generalTicket":6,"eliteTicket":3.5,"raceTicket":2,"premiumTicket":0.5,"adventureRunReset":0.25,"quickBattleReset":0.75},"rareItems":["energyLarge","enhance10","destructionGuard","exp2h","generalTicket","eliteTicket","raceTicket","premiumTicket","adventureRunReset","quickBattleReset"],"guaranteeRates":{"energyLarge":10,"enhance10":24,"destructionGuard":3,"exp2h":28,"generalTicket":15,"eliteTicket":8,"raceTicket":5,"premiumTicket":2,"adventureRunReset":1,"quickBattleReset":4}},"supportItems":{"energySmall":{"name":"전술 배터리 S","category":"행동력","effect":"행동력 +20","energy":20},"energyMedium":{"name":"전술 배터리 M","category":"행동력","effect":"행동력 +50","energy":50},"energyLarge":{"name":"전술 배터리 L","category":"행동력","effect":"행동력 +120","energy":120},"enhance5":{"name":"강화 촉진제","category":"강화","effect":"성공률 +5%p"},"enhance10":{"name":"고순도 강화 촉진제","category":"강화","effect":"성공률 +10%p"},"destructionGuard":{"name":"파괴 차단제","category":"강화","effect":"파괴 1회 차단"},"cardExpPotion":{"name":"카드 EXP 포션","category":"경험치","effect":"선택 카드 EXP +300","cardExp":300},"cardExpPotionLarge":{"name":"농축 카드 EXP 포션","category":"경험치","effect":"선택 카드 EXP +10","cardExp":10},"exp30m":{"name":"경험 신호 증폭제","category":"경험치","effect":"카드 EXP +50% · 30분","durationMinutes":30},"exp2h":{"name":"고출력 경험 신호 증폭제","category":"경험치","effect":"카드 EXP +50% · 2시간","durationMinutes":120},"generalTicket":{"name":"일반 카드팩 교환권","category":"교환권","effect":"일반팩 1개","pack":"general"},"eliteTicket":{"name":"정예 카드팩 교환권","category":"교환권","effect":"정예팩 1개","pack":"elite"},"raceTicket":{"name":"종족 선택팩 교환권","category":"교환권","effect":"종족팩 1개","pack":"race"},"premiumTicket":{"name":"프리미엄 카드팩 교환권","category":"교환권","effect":"프리미엄팩 1개","pack":"premium"},"adventureRunReset":{"name":"모험 시작 초기화권","category":"초기화","effect":"모험 시작 횟수 3회 복구","reset":"adventureRuns"},"quickBattleReset":{"name":"빠른 전투 초기화권","category":"초기화","effect":"오늘 빠른 전투 횟수 3회 복구","reset":"quickBattle"}},"bonusDropRules":{"itemWeights":{"energySmall":24,"energyMedium":14,"energyLarge":4,"enhance5":18,"enhance10":6,"destructionGuard":1,"cardExpPotion":14,"exp30m":12,"exp2h":5,"adventureRunReset":1,"quickBattleReset":1},"packWeights":{"generalTicket":55,"eliteTicket":27,"raceTicket":15,"premiumTicket":3},"adventureTiers":[{"minClearedStages":1,"dropRate":0.18,"packShare":0.08},{"minClearedStages":10,"dropRate":0.24,"packShare":0.12},{"minClearedStages":20,"dropRate":0.3,"packShare":0.16},{"minClearedStages":30,"dropRate":0.36,"packShare":0.2},{"minClearedStages":40,"dropRate":0.43,"packShare":0.24},{"minClearedStages":50,"dropRate":0.5,"packShare":0.3}],"worldBoss":{"failed":{"dropRate":0.35,"packShare":0.15},"cleared":{"dropRate":0.6,"packShare":0.25}}},"regions":[{"id":1,"name":"끊어진 전파도시","code":"signal-city","hpBase":590000,"attackBase":3000,"bossHp":1200000,"bossAttack":4000},{"id":2,"name":"침묵한 중계기지","code":"relay-base","hpBase":1100000,"attackBase":4500,"bossHp":1820000,"bossAttack":6000},{"id":3,"name":"검게 물든 스튜디오","code":"black-studio","hpBase":1700000,"attackBase":6500,"bossHp":2800000,"bossAttack":8500},{"id":4,"name":"폭주한 데이터 요새","code":"data-fortress","hpBase":2500000,"attackBase":9000,"bossHp":4000000,"bossAttack":11000},{"id":5,"name":"악플 코어 심층부","code":"malice-core","hpBase":4200000,"attackBase":12500,"bossHp":9500000,"bossAttack":21000}],"stages":[{"id":"1-1","region":"끊어진 전파도시","regionCode":"signal-city","regionIndex":0,"stageNumber":1,"globalNumber":1,"enemyType":"crawler","enemyCount":4,"enemyHp":590000,"enemyAttack":3000,"duration":30,"rewardPoints":22,"boss":false},{"id":"1-2","region":"끊어진 전파도시","regionCode":"signal-city","regionIndex":0,"stageNumber":2,"globalNumber":2,"enemyType":"jammer","enemyCount":4,"enemyHp":637200,"enemyAttack":3090,"duration":31,"rewardPoints":26,"boss":false},{"id":"1-3","region":"끊어진 전파도시","regionCode":"signal-city","regionIndex":0,"stageNumber":3,"globalNumber":3,"enemyType":"leech","enemyCount":5,"enemyHp":688176,"enemyAttack":3183,"duration":32,"rewardPoints":30,"boss":false},{"id":"1-4","region":"끊어진 전파도시","regionCode":"signal-city","regionIndex":0,"stageNumber":4,"globalNumber":4,"enemyType":"crusher","enemyCount":5,"enemyHp":743230,"enemyAttack":3278,"duration":33,"rewardPoints":34,"boss":false},{"id":"1-5","region":"끊어진 전파도시","regionCode":"signal-city","regionIndex":0,"stageNumber":5,"globalNumber":5,"enemyType":"crawler","enemyCount":5,"enemyHp":802688,"enemyAttack":3'... 37477 more characters

    at file:///C:/Users/silve/OneDrive/Desktop/card-gacha-renewal/tests/renewal-database-catalog.test.js:11:8 {
  generatedMessage: false,
  code: 'ERR_ASSERTION',
  actual: '-- Card Gacha Season 2: server-authoritative card catalog and balance snapshot.\n' +
    '-- Generated by scripts/build-renewal-database-catalog.js. Do not edit seed rows manually.\n' +
    '-- REVIEW ONLY. Do not run against production until migration 001 import is approved.\n' +
    '\n' +
    'begin;\n' +
    '\n' +
    'do $$\n' +
    'begin\n' +
    "  if to_regclass('public.gacha_s2_player_cards') is null then\n" +
    "    raise exception 'missing Season 2 base schema: run migration 001 first';\n" +
    '  end if;\n' +
    'end;\n' +
    '$$;\n' +
    '\n' +
    'create table if not exists public.gacha_s2_balance_versions (\n' +
    '  version text primary key,\n' +
    "  config_hash text not null check (config_hash ~ '^[0-9a-f]{64}$'),\n" +
    "  catalog_hash text not null check (catalog_hash ~ '^[0-9a-f]{64}$'),\n" +
    "  config jsonb not null check (jsonb_typeof(config) = 'object'),\n" +
    '  active boolean not null default false,\n' +
    '  created_at timestamptz not null default now(),\n' +
    '  activated_at timestamptz\n' +
    ');\n' +
    '\n' +
    'create unique index if not exists uq_gacha_s2_one_active_balance\n' +
    '  on public.gacha_s2_balance_versions(active) where active;\n' +
    '\n' +
    'create table if not exists public.gacha_s2_card_catalog (\n' +
    "  card_id text primary key check (card_id ~ '^[a-z0-9-]+$'),\n" +
    '  member text not null check (length(trim(member)) between 1 and 40),\n' +
    "  asset_file text not null unique check (asset_file !~ '[\\\\/]'),\n" +
    "  rarity text not null check (rarity in ('F','E','D','C','B','A','S','SS','SSS','EX')),\n" +
    '  race text,\n' +
    '  archetype text,\n' +
    '  source_rarity text,\n' +
    '  is_group boolean not null default false,\n' +
    '  balance_version text not null references public.gacha_s2_balance_versions(version),\n' +
    '  created_at timestamptz not null default now(),\n' +
    '  updated_at timestamptz not null default now(),\n' +
    '  check (\n' +
    "    (rarity = 'EX' and race = 'EX' and archetype is null and is_group)\n" +
    '    or (\n' +
    "      rarity <> 'EX'\n" +
    "      and race in ('저그','테란','프로토스')\n" +
    "      and archetype in ('quick','heavy','combo','area','boss','amplify','weaken','sustain')\n" +
    '      and not is_group\n' +
    '    )\n' +
    '  )\n' +
    ');\n' +
    '\n' +
    'alter table public.gacha_s2_balance_versions enable row level security;\n' +
    'alter table public.gacha_s2_card_catalog enable row level security;\n' +
    '\n' +
    "update public.gacha_s2_balance_versions set active = false where active and version <> '2026.07.18-random-loot-1';\n" +
    '\n' +
    'insert into public.gacha_s2_balance_versions (version, config_hash, catalog_hash, config, active, activated_at)\n' +
    'values (\n' +
    "  '2026.07.18-random-loot-1',\n" +
    "  '23952e3e806147ec7d6a723a18290c63c48935a22ca3263c4eadf73a38ccac47',\n" +
    "  '8e7351c09b8fe082cb9d54e1884e5c409a664230b291ec7a1e18fb3d16555014',\n" +
    '  $balance${"balanceVersion":"2026.07.18-random-loot-1","rarities":{"F":{"multiplier":1,"color":"#89939b"},"E":{"multiplier":1.12,"color":"#58b97a"},"D":{"multiplier":1.26,"color":"#4aa8d8"},"C":{"multiplier":1.42,"color":"#7f79df"},"B":{"multiplier":1.62,"color":"#bb69e8"},"A":{"multiplier":1.86,"color":"#ef5f83"},"S":{"multiplier":2.15,"color":"#ff9b3f"},"SS":{"multiplier":2.52,"color":"#ffd449"},"SSS":{"multiplier":3,"color":"#d7ff35"},"EX":{"multiplier":0,"color":"#f7f7f2","displayOnly":true}},"archetypes":{"quick":{"label":"속공","atk":0.9,"hp":0.94,"def":0.9,"speed":1.28,"crit":0.05},"heavy":{"label":"강타","atk":1.28,"hp":1.04,"def":1,"speed":0.78,"critDamage":0.2},"combo":{"label":"연타","atk":0.96,"hp":0.96,"def":0.94,"speed":1.12,"multiHit":1.1},"area":{"label":"광역","atk":1.04,"hp":0.98,"def":0.94,"speed":0.94,"area":1.18},"boss":{"label":"보스","atk":1.08,"hp":1.03,"def":1,"speed":0.91,"bossDamage":1.28},"amplify":{"label":"증폭","atk":1.02,"hp":0.95,"def":0.92,"speed":1,"crit":0.09,"amplify":0.04},"weaken":{"label":"약화","atk":0.92,"hp":1.02,"def":1.02,"speed":1.03,"weaken":0.08},"sustain":{"label":"생존","atk":0.91,"hp":1.24,"def":1.18,"speed":0.88,"recovery":0.08}},"enhancement":{"statMultipliers":[1,1.12,1.27,1.44,1.63,1.85,2.1,2.38,2.7,3],"baseSuccessRates":[100,100,100,100,80,70,60,50,40,30],"destroyRates":[0,0,0,0,0,0,0,3,8,15],"rarityPenalties":{"F":0,"E":2,"D":4,"C":6,"B":8,"A":10,"S":12,"SS":15,"SSS":18},"expRequirements":[100,180,300,480,720,1000,1400,1900,2500,0],"plusNinePointCost":5000,"resetOnDestroy":true},"materialRules":{"F":[{"rarity":"F","count":1}],"E":[{"rarity":"F","count":3}],"D":[{"rarity":"E","count":3}],"C":[{"rarity":"D","count":3}],"B":[{"rarity":"C","count":3}],"A":[{"rarity":"B","count":3}],"S":[{"rarity":"A","count":3}],"SS":[{"rarity":"S","count":3}],"SSS":[{"rarity":"SS","count":3},{"rarity":"SSS","count":1}]},"packs":{"general":{"name":"일반 보급팩","price":50,"count":3,"rates":{"F":32,"E":27,"D":20,"C":12,"B":6,"A":2.856,"S":0.12,"SS":0.018,"SSS":0.006}},"elite":{"name":"정예 보급팩","price":150,"count":4,"rates":{"F":20,"E":22,"D":22,"C":16,"B":11,"A":8.478,"S":0.42,"SS":0.09,"SSS":0.012}},"premium":{"name":"프리미엄 보급팩","price":500,"count":4,"rates":{"F":9,"E":14,"D":19.5,"C":21,"B":18,"A":17.2,"S":1,"SS":0.25,"SSS":0.05}},"race":{"name":"종족 보급팩","price":100,"count":3,"rates":{"F":38,"E":30,"D":18,"C":9,"B":4,"A":0.9658,"S":0.03,"SS":0.0036,"SSS":0.0006}}},"supportPack":{"name":"작전 지원 보급팩","price":150,"tenPrice":1500,"items":{"energySmall":19,"energyMedium":11,"energyLarge":3,"enhance5":16,"enhance10":6,"destructionGuard":1,"cardExpPotion":8,"exp30m":14,"exp2h":9,"generalTicket":6,"eliteTicket":3.5,"raceTicket":2,"premiumTicket":0.5,"adventureRunReset":0.25,"quickBattleReset":0.75},"rareItems":["energyLarge","enhance10","destructionGuard","exp2h","generalTicket","eliteTicket","raceTicket","premiumTicket","adventureRunReset","quickBattleReset"],"guaranteeRates":{"energyLarge":10,"enhance10":24,"destructionGuard":3,"exp2h":28,"generalTicket":15,"eliteTicket":8,"raceTicket":5,"premiumTicket":2,"adventureRunReset":1,"quickBattleReset":4}},"supportItems":{"energySmall":{"name":"전술 배터리 S","category":"행동력","effect":"행동력 +20","energy":20},"energyMedium":{"name":"전술 배터리 M","category":"행동력","effect":"행동력 +50","energy":50},"energyLarge":{"name":"전술 배터리 L","category":"행동력","effect":"행동력 +120","energy":120},"enhance5":{"name":"강화 촉진제","category":"강화","effect":"성공률 +5%p"},"enhance10":{"name":"고순도 강화 촉진제","category":"강화","effect":"성공률 +10%p"},"destructionGuard":{"name":"파괴 차단제","category":"강화","effect":"파괴 1회 차단"},"cardExpPotion":{"name":"카드 EXP 포션","category":"경험치","effect":"선택 카드 EXP +300","cardExp":300},"exp30m":{"name":"경험 신호 증폭제","category":"경험치","effect":"카드 EXP +50% · 30분","durationMinutes":30},"exp2h":{"name":"고출력 경험 신호 증폭제","category":"경험치","effect":"카드 EXP +50% · 2시간","durationMinutes":120},"generalTicket":{"name":"일반 카드팩 교환권","category":"교환권","effect":"일반팩 1개","pack":"general"},"eliteTicket":{"name":"정예 카드팩 교환권","category":"교환권","effect":"정예팩 1개","pack":"elite"},"raceTicket":{"name":"종족 선택팩 교환권","category":"교환권","effect":"종족팩 1개","pack":"race"},"premiumTicket":{"name":"프리미엄 카드팩 교환권","category":"교환권","effect":"프리미엄팩 1개","pack":"premium"},"adventureRunReset":{"name":"모험 시작 초기화권","category":"초기화","effect":"모험 시작 횟수 3회 복구","reset":"adventureRuns"},"quickBattleReset":{"name":"빠른 전투 초기화권","category":"초기화","effect":"오늘 빠른 전투 횟수 3회 복구","reset":"quickBattle"}},"bonusDropRules":{"itemWeights":{"energySmall":24,"energyMedium":14,"energyLarge":4,"enhance5":18,"enhance10":6,"destructionGuard":1,"cardExpPotion":14,"exp30m":12,"exp2h":5,"adventureRunReset":1,"quickBattleReset":1},"packWeights":{"generalTicket":55,"eliteTicket":27,"raceTicket":15,"premiumTicket":3},"adventureTiers":[{"minClearedStages":1,"dropRate":0.18,"packShare":0.08},{"minClearedStages":10,"dropRate":0.24,"packShare":0.12},{"minClearedStages":20,"dropRate":0.3,"packShare":0.16},{"minClearedStages":30,"dropRate":0.36,"packShare":0.2},{"minClearedStages":40,"dropRate":0.43,"packShare":0.24},{"minClearedStages":50,"dropRate":0.5,"packShare":0.3}],"worldBoss":{"failed":{"dropRate":0.35,"packShare":0.15},"cleared":{"dropRate":0.6,"packShare":0.25}}},"regions":[{"id":1,"name":"끊어진 전파도시","code":"signal-city","hpBase":590000,"attackBase":3000,"bossHp":1200000,"bossAttack":4000},{"id":2,"name":"침묵한 중계기지","code":"relay-base","hpBase":1100000,"attackBase":4500,"bossHp":1820000,"bossAttack":6000},{"id":3,"name":"검게 물든 스튜디오","code":"black-studio","hpBase":1700000,"attackBase":6500,"bossHp":2800000,"bossAttack":8500},{"id":4,"name":"폭주한 데이터 요새","code":"data-fortress","hpBase":2500000,"attackBase":9000,"bossHp":4000000,"bossAttack":11000},{"id":5,"name":"악플 코어 심층부","code":"malice-core","hpBase":4200000,"attackBase":12500,"bossHp":9500000,"bossAttack":21000}],"stages":[{"id":"1-1","region":"끊어진 전파도시","regionCode":"signal-city","regionIndex":0,"stageNumber":1,"globalNumber":1,"enemyType":"crawler","enemyCount":4,"enemyHp":590000,"enemyAttack":3000,"duration":30,"rewardPoints":22,"boss":false},{"id":"1-2","region":"끊어진 전파도시","regionCode":"signal-city","regionIndex":0,"stageNumber":2,"globalNumber":2,"enemyType":"jammer","enemyCount":4,"enemyHp":637200,"enemyAttack":3090,"duration":31,"rewardPoints":26,"boss":false},{"id":"1-3","region":"끊어진 전파도시","regionCode":"signal-city","regionIndex":0,"stageNumber":3,"globalNumber":3,"enemyType":"leech","enemyCount":5,"enemyHp":688176,"enemyAttack":3183,"duration":32,"rewardPoints":30,"boss":false},{"id":"1-4","region":"끊어진 전파도시","regionCode":"signal-city","regionIndex":0,"stageNumber":4,"globalNumber":4,"enemyType":"crusher","enemyCount":5,"enemyHp":743230,"enemyAttack":3278,"duration":33,"rewardPoints":34,"boss":false},{"id":"1-5","region":"끊어진 전파도시","regionCode":"signal-city","regionIndex":0,"stageNumber":5,"globalNumber":5,"enemyType":"crawler","enemyCount":5,"enemyHp":802688,"enemyAttack":3377,"duration":34,"rewardPoints":38,"boss":false},{"id":"1-6","region":"끊어진 전파도시","regionCode":"signal-city","regionIndex":0,"stageNumber":6,"globalNumber":6,"enemyType":"jammer","enemyCount":6,"enemyHp":866904,"enemyAttack":3478,"duration":35,"rewardPoints":42,"boss":false},{"id":"1-7","region":"끊어진 전파도시","regionCode":"signal-city","regionIndex":0,"stageNumber":7,"globalNumber":7,"enemyType":"leech","enemyCount":6,"enemyHp":936256,"enemyAttack":3582,"duration":36,"rewardPoints":46,"boss":false},{"id":"1-8","region":"끊어진 전파도시","regionCode":"signal-city","regionIndex":0,"stageNumber":8,"globalNumber":8,"enemyType":"crusher","enemyCount":6,"enemyHp":1'... 37250 more characters,
  expected: '-- Card Gacha Season 2: server-authoritative card catalog and balance snapshot.\n' +
    '-- Generated by scripts/build-renewal-database-catalog.js. Do not edit seed rows manually.\n' +
    '-- REVIEW ONLY. Do not run against production until migration 001 import is approved.\n' +
    '\n' +
    'begin;\n' +
    '\n' +
    'do $$\n' +
    'begin\n' +
    "  if to_regclass('public.gacha_s2_player_cards') is null then\n" +
    "    raise exception 'missing Season 2 base schema: run migration 001 first';\n" +
    '  end if;\n' +
    'end;\n' +
    '$$;\n' +
    '\n' +
    'create table if not exists public.gacha_s2_balance_versions (\n' +
    '  version text primary key,\n' +
    "  config_hash text not null check (config_hash ~ '^[0-9a-f]{64}$'),\n" +
    "  catalog_hash text not null check (catalog_hash ~ '^[0-9a-f]{64}$'),\n" +
    "  config jsonb not null check (jsonb_typeof(config) = 'object'),\n" +
    '  active boolean not null default false,\n' +
    '  created_at timestamptz not null default now(),\n' +
    '  activated_at timestamptz\n' +
    ');\n' +
    '\n' +
    'create unique index if not exists uq_gacha_s2_one_active_balance\n' +
    '  on public.gacha_s2_balance_versions(active) where active;\n' +
    '\n' +
    'create table if not exists public.gacha_s2_card_catalog (\n' +
    "  card_id text primary key check (card_id ~ '^[a-z0-9-]+$'),\n" +
    '  member text not null check (length(trim(member)) between 1 and 40),\n' +
    "  asset_file text not null unique check (asset_file !~ '[\\\\/]'),\n" +
    "  rarity text not null check (rarity in ('F','E','D','C','B','A','S','SS','SSS','EX')),\n" +
    '  race text,\n' +
    '  archetype text,\n' +
    '  source_rarity text,\n' +
    '  is_group boolean not null default false,\n' +
    '  balance_version text not null references public.gacha_s2_balance_versions(version),\n' +
    '  created_at timestamptz not null default now(),\n' +
    '  updated_at timestamptz not null default now(),\n' +
    '  check (\n' +
    "    (rarity = 'EX' and race = 'EX' and archetype is null and is_group)\n" +
    '    or (\n' +
    "      rarity <> 'EX'\n" +
    "      and race in ('저그','테란','프로토스')\n" +
    "      and archetype in ('quick','heavy','combo','area','boss','amplify','weaken','sustain')\n" +
    '      and not is_group\n' +
    '    )\n' +
    '  )\n' +
    ');\n' +
    '\n' +
    'alter table public.gacha_s2_balance_versions enable row level security;\n' +
    'alter table public.gacha_s2_card_catalog enable row level security;\n' +
    '\n' +
    "update public.gacha_s2_balance_versions set active = false where active and version <> '2026.07.20-dismantle-1';\n" +
    '\n' +
    'insert into public.gacha_s2_balance_versions (version, config_hash, catalog_hash, config, active, activated_at)\n' +
    'values (\n' +
    "  '2026.07.20-dismantle-1',\n" +
    "  'daa5e3848a2b1afb520871adc93ad1fc70f09edec6be8266c1c8733a67d04b4d',\n" +
    "  '8e7351c09b8fe082cb9d54e1884e5c409a664230b291ec7a1e18fb3d16555014',\n" +
    '  $balance${"balanceVersion":"2026.07.20-dismantle-1","rarities":{"F":{"multiplier":1,"color":"#89939b"},"E":{"multiplier":1.12,"color":"#58b97a"},"D":{"multiplier":1.26,"color":"#4aa8d8"},"C":{"multiplier":1.42,"color":"#7f79df"},"B":{"multiplier":1.62,"color":"#bb69e8"},"A":{"multiplier":1.86,"color":"#ef5f83"},"S":{"multiplier":2.15,"color":"#ff9b3f"},"SS":{"multiplier":2.52,"color":"#ffd449"},"SSS":{"multiplier":3,"color":"#d7ff35"},"EX":{"multiplier":0,"color":"#f7f7f2","displayOnly":true}},"archetypes":{"quick":{"label":"속공","atk":0.9,"hp":0.94,"def":0.9,"speed":1.28,"crit":0.05},"heavy":{"label":"강타","atk":1.28,"hp":1.04,"def":1,"speed":0.78,"critDamage":0.2},"combo":{"label":"연타","atk":0.96,"hp":0.96,"def":0.94,"speed":1.12,"multiHit":1.1},"area":{"label":"광역","atk":1.04,"hp":0.98,"def":0.94,"speed":0.94,"area":1.18},"boss":{"label":"보스","atk":1.08,"hp":1.03,"def":1,"speed":0.91,"bossDamage":1.28},"amplify":{"label":"증폭","atk":1.02,"hp":0.95,"def":0.92,"speed":1,"crit":0.09,"amplify":0.04},"weaken":{"label":"약화","atk":0.92,"hp":1.02,"def":1.02,"speed":1.03,"weaken":0.08},"sustain":{"label":"생존","atk":0.91,"hp":1.24,"def":1.18,"speed":0.88,"recovery":0.08}},"enhancement":{"statMultipliers":[1,1.12,1.27,1.44,1.63,1.85,2.1,2.38,2.7,3],"baseSuccessRates":[100,100,100,100,80,70,60,50,40,30],"destroyRates":[0,0,0,0,0,0,0,3,8,15],"rarityPenalties":{"F":0,"E":2,"D":4,"C":6,"B":8,"A":10,"S":12,"SS":15,"SSS":18},"expRequirements":[100,180,300,480,720,1000,1400,1900,2500,0],"plusNinePointCost":5000,"resetOnDestroy":true},"materialRules":{"F":[{"rarity":"F","count":1}],"E":[{"rarity":"F","count":3}],"D":[{"rarity":"E","count":3}],"C":[{"rarity":"D","count":3}],"B":[{"rarity":"C","count":3}],"A":[{"rarity":"B","count":3}],"S":[{"rarity":"A","count":3}],"SS":[{"rarity":"S","count":3}],"SSS":[{"rarity":"SS","count":3},{"rarity":"SSS","count":1}]},"dismantleRules":{"potionItem":"cardExpPotionLarge","keepCopies":1,"dropRates":{"F":{"potionRate":0.1,"pointsRate":0.1,"points":5},"E":{"potionRate":0.15,"pointsRate":0.15,"points":10},"D":{"potionRate":0.2,"pointsRate":0.2,"points":20},"C":{"potionRate":0.25,"pointsRate":0.25,"points":40},"B":{"potionRate":0.3,"pointsRate":0.3,"points":70},"A":{"potionRate":0.35,"pointsRate":0.35,"points":120},"S":{"potionRate":0.5,"pointsRate":0.5,"points":300},"SS":{"potionRate":0.7,"pointsRate":0.7,"points":800},"SSS":{"potionRate":0.9,"pointsRate":0.9,"points":2000}}},"packs":{"general":{"name":"일반 보급팩","price":50,"count":3,"rates":{"F":32,"E":27,"D":20,"C":12,"B":6,"A":2.856,"S":0.12,"SS":0.018,"SSS":0.006}},"elite":{"name":"정예 보급팩","price":150,"count":4,"rates":{"F":20,"E":22,"D":22,"C":16,"B":11,"A":8.478,"S":0.42,"SS":0.09,"SSS":0.012}},"premium":{"name":"프리미엄 보급팩","price":500,"count":4,"rates":{"F":9,"E":14,"D":19.5,"C":21,"B":18,"A":17.2,"S":1,"SS":0.25,"SSS":0.05}},"race":{"name":"종족 보급팩","price":100,"count":3,"rates":{"F":38,"E":30,"D":18,"C":9,"B":4,"A":0.9658,"S":0.03,"SS":0.0036,"SSS":0.0006}}},"supportPack":{"name":"작전 지원 보급팩","price":150,"tenPrice":1500,"items":{"energySmall":19,"energyMedium":11,"energyLarge":3,"enhance5":16,"enhance10":6,"destructionGuard":1,"cardExpPotion":8,"exp30m":14,"exp2h":9,"generalTicket":6,"eliteTicket":3.5,"raceTicket":2,"premiumTicket":0.5,"adventureRunReset":0.25,"quickBattleReset":0.75},"rareItems":["energyLarge","enhance10","destructionGuard","exp2h","generalTicket","eliteTicket","raceTicket","premiumTicket","adventureRunReset","quickBattleReset"],"guaranteeRates":{"energyLarge":10,"enhance10":24,"destructionGuard":3,"exp2h":28,"generalTicket":15,"eliteTicket":8,"raceTicket":5,"premiumTicket":2,"adventureRunReset":1,"quickBattleReset":4}},"supportItems":{"energySmall":{"name":"전술 배터리 S","category":"행동력","effect":"행동력 +20","energy":20},"energyMedium":{"name":"전술 배터리 M","category":"행동력","effect":"행동력 +50","energy":50},"energyLarge":{"name":"전술 배터리 L","category":"행동력","effect":"행동력 +120","energy":120},"enhance5":{"name":"강화 촉진제","category":"강화","effect":"성공률 +5%p"},"enhance10":{"name":"고순도 강화 촉진제","category":"강화","effect":"성공률 +10%p"},"destructionGuard":{"name":"파괴 차단제","category":"강화","effect":"파괴 1회 차단"},"cardExpPotion":{"name":"카드 EXP 포션","category":"경험치","effect":"선택 카드 EXP +300","cardExp":300},"cardExpPotionLarge":{"name":"농축 카드 EXP 포션","category":"경험치","effect":"선택 카드 EXP +10","cardExp":10},"exp30m":{"name":"경험 신호 증폭제","category":"경험치","effect":"카드 EXP +50% · 30분","durationMinutes":30},"exp2h":{"name":"고출력 경험 신호 증폭제","category":"경험치","effect":"카드 EXP +50% · 2시간","durationMinutes":120},"generalTicket":{"name":"일반 카드팩 교환권","category":"교환권","effect":"일반팩 1개","pack":"general"},"eliteTicket":{"name":"정예 카드팩 교환권","category":"교환권","effect":"정예팩 1개","pack":"elite"},"raceTicket":{"name":"종족 선택팩 교환권","category":"교환권","effect":"종족팩 1개","pack":"race"},"premiumTicket":{"name":"프리미엄 카드팩 교환권","category":"교환권","effect":"프리미엄팩 1개","pack":"premium"},"adventureRunReset":{"name":"모험 시작 초기화권","category":"초기화","effect":"모험 시작 횟수 3회 복구","reset":"adventureRuns"},"quickBattleReset":{"name":"빠른 전투 초기화권","category":"초기화","effect":"오늘 빠른 전투 횟수 3회 복구","reset":"quickBattle"}},"bonusDropRules":{"itemWeights":{"energySmall":24,"energyMedium":14,"energyLarge":4,"enhance5":18,"enhance10":6,"destructionGuard":1,"cardExpPotion":14,"exp30m":12,"exp2h":5,"adventureRunReset":1,"quickBattleReset":1},"packWeights":{"generalTicket":55,"eliteTicket":27,"raceTicket":15,"premiumTicket":3},"adventureTiers":[{"minClearedStages":1,"dropRate":0.18,"packShare":0.08},{"minClearedStages":10,"dropRate":0.24,"packShare":0.12},{"minClearedStages":20,"dropRate":0.3,"packShare":0.16},{"minClearedStages":30,"dropRate":0.36,"packShare":0.2},{"minClearedStages":40,"dropRate":0.43,"packShare":0.24},{"minClearedStages":50,"dropRate":0.5,"packShare":0.3}],"worldBoss":{"failed":{"dropRate":0.35,"packShare":0.15},"cleared":{"dropRate":0.6,"packShare":0.25}}},"regions":[{"id":1,"name":"끊어진 전파도시","code":"signal-city","hpBase":590000,"attackBase":3000,"bossHp":1200000,"bossAttack":4000},{"id":2,"name":"침묵한 중계기지","code":"relay-base","hpBase":1100000,"attackBase":4500,"bossHp":1820000,"bossAttack":6000},{"id":3,"name":"검게 물든 스튜디오","code":"black-studio","hpBase":1700000,"attackBase":6500,"bossHp":2800000,"bossAttack":8500},{"id":4,"name":"폭주한 데이터 요새","code":"data-fortress","hpBase":2500000,"attackBase":9000,"bossHp":4000000,"bossAttack":11000},{"id":5,"name":"악플 코어 심층부","code":"malice-core","hpBase":4200000,"attackBase":12500,"bossHp":9500000,"bossAttack":21000}],"stages":[{"id":"1-1","region":"끊어진 전파도시","regionCode":"signal-city","regionIndex":0,"stageNumber":1,"globalNumber":1,"enemyType":"crawler","enemyCount":4,"enemyHp":590000,"enemyAttack":3000,"duration":30,"rewardPoints":22,"boss":false},{"id":"1-2","region":"끊어진 전파도시","regionCode":"signal-city","regionIndex":0,"stageNumber":2,"globalNumber":2,"enemyType":"jammer","enemyCount":4,"enemyHp":637200,"enemyAttack":3090,"duration":31,"rewardPoints":26,"boss":false},{"id":"1-3","region":"끊어진 전파도시","regionCode":"signal-city","regionIndex":0,"stageNumber":3,"globalNumber":3,"enemyType":"leech","enemyCount":5,"enemyHp":688176,"enemyAttack":3183,"duration":32,"rewardPoints":30,"boss":false},{"id":"1-4","region":"끊어진 전파도시","regionCode":"signal-city","regionIndex":0,"stageNumber":4,"globalNumber":4,"enemyType":"crusher","enemyCount":5,"enemyHp":743230,"enemyAttack":3278,"duration":33,"rewardPoints":34,"boss":false},{"id":"1-5","region":"끊어진 전파도시","regionCode":"signal-city","regionIndex":0,"stageNumber":5,"globalNumber":5,"enemyType":"crawler","enemyCount":5,"enemyHp":802688,"enemyAttack":3'... 37477 more characters,
  operator: 'strictEqual',
  diff: 'simple'
}

Node.js v24.16.0
